▲ Next.js 16.2.1 (Turbopack)
- Environments: .env

  Creating an optimized production build ...
✓ Compiled successfully in 7.6s
  Running TypeScript ...
  Finished TypeScript in 9.6s ...
  Collecting page data using 7 workers ...

> Build error occurred
Error: The file "./src\proxy.ts" must export a function, either as a default export or as a named "proxy" export.
This function is what Next.js runs for every request handled by this proxy (previously called middleware).

Why this happens:
- You are migrating from `middleware` to `proxy`, but haven't updated the exported function.
- The file exists but doesn't export a function.
- The export is not a function (e.g., an object or constant).
- There's a syntax error preventing the export from being recognized.

To fix it:
- Ensure this file has either a default or "proxy" function export.

Learn more: https://nextjs.org/docs/messages/middleware-to-proxy
    at ignore-listed frames
